['1qe3.pdb:A', '5lui.pdb:A', '6eqe.pdb:A', '7dzv.pdb:A']
['5lui.pdb:A', '6eqe.pdb:A', '7dzv.pdb:A', '8cru.pdb:A']
            5lui.pdb:A  6eqe.pdb:A  7dzv.pdb:A  8cru.pdb:A
1qe3.pdb:A    0.561700    0.562800    0.559500     0.56635
5lui.pdb:A    1.000001    0.933700    0.935550     0.93420
6eqe.pdb:A    1.000001    1.000001    0.971100     0.98745
7dzv.pdb:A    1.000001    1.000001    1.000001     0.97000
[[2.         4.         0.01255    2.        ]
 [3.         5.         0.02945    3.        ]
 [1.         6.         0.06551667 4.        ]
 [0.         7.         0.4374125  5.        ]]
Newick tree: (1qe3:0.21870625,(5lui:0.032758333333333334,(7dzv:0.014725000000000016,(6eqe:0.006274999999999975,8cru:0.006274999999999975):0.00845000000000004):0.018033333333333318):0.18594791666666666);
